[16:47:34] loading olist
[16:47:35] olist (96304, 65), late rate 0.0812
[16:47:36] single split PR-AUC 0.4453
[16:47:47] single split SVM PR-AUC 0.2677
[16:47:48]   stratified fold 1: 0.4502
[16:47:50]   stratified fold 2: 0.4402
[16:47:51]   stratified fold 3: 0.4547
[16:47:52]   stratified fold 4: 0.4680
[16:47:53]   stratified fold 5: 0.4633
[16:47:54]   seller-grouped fold 1: 0.4173
[16:47:55]   seller-grouped fold 2: 0.4800
[16:47:56]   seller-grouped fold 3: 0.4602
[16:47:57]   seller-grouped fold 4: 0.4589
[16:47:59]   seller-grouped fold 5: 0.4211
[16:47:59] temporal PR-AUC 0.3239
[16:47:59] olist learning curve
[16:48:00]   LC XGBoost n=2000: 0.3089 (0.5s)
[16:48:01]   LC SVM     n=2000: 0.2099 (1.1s)
[16:48:02]   LC XGBoost n=5000: 0.3550 (0.6s)
[16:48:04]   LC SVM     n=5000: 0.2415 (2.8s)
[16:48:05]   LC XGBoost n=10000: 0.3874 (0.6s)
[16:48:11]   LC SVM     n=10000: 0.2691 (6.2s)
[16:48:12]   LC XGBoost n=20000: 0.4045 (0.7s)
[16:48:27]   LC SVM     n=20000: 0.2819 (15.2s)
[16:48:28]   LC XGBoost n=40000: 0.4360 (0.8s)
[16:49:10]   LC SVM     n=40000: 0.3212 (42.2s)
[16:49:11]   LC XGBoost n=77043: 0.4453 (1.0s)
[16:52:19]   LC SVM     n=77043: 0.3350 (187.4s)
[16:52:19] olist fairness
[16:52:20] olist fairness threshold 0.4001, overall recall 0.700, precision 0.241
[16:52:20] 
region
grouping        group   count  base_rate  selection_rate  recall  precision  false_negative_rate  false_positive_rate
  region Central-West  1104.0      0.082           0.274   0.692      0.209                0.308                0.236
  region        North   380.0      0.097           0.324   0.595      0.179                0.405                0.294
  region    Northeast  1773.0      0.143           0.471   0.776      0.236                0.224                0.420
  region        South  2768.0      0.072           0.234   0.645      0.199                0.355                0.202
  region    Southeast 13236.0      0.074           0.199   0.697      0.260                0.303                0.159
[16:52:20] 
customer_state
      grouping group  count  base_rate  selection_rate  recall  precision  false_negative_rate  false_positive_rate
customer_state    AC   23.0      0.000           0.217   0.000      0.000                0.000                0.217
customer_state    AL   64.0      0.219           0.453   0.500      0.241                0.500                0.440
customer_state    AM   27.0      0.037           0.185   1.000      0.200                0.000                0.154
customer_state    AP   12.0      0.083           0.167   0.000      0.000                1.000                0.182
customer_state    BA  638.0      0.136           0.484   0.828      0.233                0.172                0.430
customer_state    CE  282.0      0.152           0.457   0.884      0.295                0.116                0.381
customer_state    DF  411.0      0.071           0.207   0.621      0.212                0.379                0.175
customer_state    ES  433.0      0.125           0.353   0.759      0.268                0.241                0.296
customer_state    GO  389.0      0.085           0.285   0.697      0.207                0.303                0.247
customer_state    MA  128.0      0.180           0.680   0.957      0.253                0.043                0.619
customer_state    MG 2297.0      0.055           0.177   0.646      0.201                0.354                0.150
customer_state    MS  130.0      0.108           0.385   0.857      0.240                0.143                0.328
customer_state    MT  174.0      0.086           0.322   0.667      0.179                0.333                0.289
customer_state    PA  199.0      0.116           0.322   0.609      0.219                0.391                0.284
customer_state    PB   95.0      0.158           0.526   0.533      0.160                0.467                0.525
customer_state    PE  331.0      0.127           0.347   0.571      0.209                0.429                0.315
customer_state    PI   80.0      0.125           0.538   0.900      0.209                0.100                0.486
customer_state    PR  993.0      0.054           0.131   0.556      0.231                0.444                0.106
customer_state    RJ 2435.0      0.131           0.402   0.868      0.282                0.132                0.332
customer_state    RN   96.0      0.146           0.479   0.857      0.261                0.143                0.415
customer_state    RO   53.0      0.057           0.283   0.333      0.067                0.667                0.280
customer_state    RR   10.0      0.200           0.000   0.000      0.000                1.000                0.000
customer_state    RS 1060.0      0.072           0.266   0.605      0.163                0.395                0.240
customer_state    SC  715.0      0.098           0.331   0.757      0.224                0.243                0.285
customer_state    SE   59.0      0.102           0.458   0.833      0.185                0.167                0.415
customer_state    SP 8071.0      0.060           0.135   0.590      0.261                0.410                0.106
customer_state    TO   56.0      0.125           0.571   0.857      0.188                0.143                0.531
[16:52:21] grouping  demographic_parity_difference  equalized_odds_difference  overall_recall  overall_precision  threshold
  region                         0.2722                     0.2611          0.7001             0.2412     0.4001
[16:52:21] loading food
[16:52:21] food (41953, 32), mean 26.31
[16:52:22] food single split MAE 3.1125
[16:52:22]   food fold 1: 3.0953
[16:52:23]   food fold 2: 3.1216
[16:52:24]   food fold 3: 3.1217
[16:52:24]   food fold 4: 3.1301
[16:52:25]   food fold 5: 3.1384
[16:52:26]   food courier-grouped fold 1: 3.1337
[16:52:26]   food courier-grouped fold 2: 3.1096
[16:52:27]   food courier-grouped fold 3: 3.1103
[16:52:28]   food courier-grouped fold 4: 3.1167
[16:52:28]   food courier-grouped fold 5: 3.1231
[16:52:28] food learning curve
[16:52:29]   LC food XGBoost n=2000: 3.6485
[16:52:29]   LC food SVM     n=2000: 4.3080 (0.7s)
[16:52:30]   LC food XGBoost n=5000: 3.4075
[16:52:32]   LC food SVM     n=5000: 4.0546 (2.1s)
[16:52:32]   LC food XGBoost n=10000: 3.2538
[16:52:37]   LC food SVM     n=10000: 3.9137 (4.9s)
[16:52:38]   LC food XGBoost n=15000: 3.1888
[16:52:47]   LC food SVM     n=15000: 3.8398 (8.6s)
[16:52:47]   LC food XGBoost n=25000: 3.1502
[16:53:06]   LC food SVM     n=25000: 3.7651 (19.0s)
[16:53:07]   LC food XGBoost n=33562: 3.1125
[16:53:38]   LC food SVM     n=33562: 3.7163 (31.6s)
[16:53:38] food fairness
[16:53:39] 
city_type
 grouping         group  count   mae  mean_signed_error  mean_actual
city_type Metropolitian 6257.0 3.137              0.050       27.299
city_type    Semi-Urban   32.0 3.010             -0.101       48.750
city_type         Urban 1886.0 3.042              0.032       22.816
city_type       unknown  216.0 3.026             -0.319       23.065
[16:53:39] 
age_band
grouping    group  count   mae  mean_signed_error  mean_actual
age_band    25-29 1976.0 3.126              0.026       23.151
age_band    30-34 2031.0 2.900              0.002       29.367
age_band      35+ 2029.0 2.944              0.082       29.395
age_band      nan  360.0 5.235              0.493       25.792
age_band under 25 1995.0 3.104             -0.050       23.088
[16:53:39] 
rating_band
   grouping   group  count   mae  mean_signed_error  mean_actual
rating_band 4.2-4.6 2400.0 3.079              0.107       26.445
rating_band 4.6-4.8 2543.0 2.884             -0.033       24.138
rating_band 4.8-5.0 2144.0 3.081             -0.060       24.840
rating_band   <=4.2  924.0 3.018              0.028       35.187
rating_band     nan  380.0 5.261              0.611       25.684
[16:53:39] 
vehicle
grouping            group  count   mae  mean_signed_error  mean_actual
 vehicle          bicycle   12.0 3.376              0.714       25.667
 vehicle electric_scooter  742.0 3.202              0.015       24.606
 vehicle       motorcycle 4824.0 3.150              0.064       27.432
 vehicle          scooter 2813.0 3.024             -0.010       24.700
[16:53:39] done
